<?xml version="1.0" encoding="ISO-8859-1" ?>
<link_info>
   <banner>MSP430 Linker PC v18.1.4.LTS</banner>
   <copyright>Copyright (c) 2003-2018 Texas Instruments Incorporated</copyright>
   <link_time>0x5c79a409</link_time>
   <link_errors>0x0</link_errors>
   <output_file>testTaskSystem.out</output_file>
   <entry_point>
      <name>_c_int00_noargs</name>
      <address>0x4400</address>
   </entry_point>
   <input_file_list>
      <input_file id="fl-2">
         <path>.\</path>
         <kind>object</kind>
         <file>buffer.obj</file>
         <name>buffer.obj</name>
      </input_file>
      <input_file id="fl-3">
         <path>.\</path>
         <kind>object</kind>
         <file>buffer_printf.obj</file>
         <name>buffer_printf.obj</name>
      </input_file>
      <input_file id="fl-4">
         <path>.\</path>
         <kind>object</kind>
         <file>hal_uart.obj</file>
         <name>hal_uart.obj</name>
      </input_file>
      <input_file id="fl-5">
         <path>.\</path>
         <kind>object</kind>
         <file>list.obj</file>
         <name>list.obj</name>
      </input_file>
      <input_file id="fl-6">
         <path>.\</path>
         <kind>object</kind>
         <file>main.obj</file>
         <name>main.obj</name>
      </input_file>
      <input_file id="fl-7">
         <path>.\</path>
         <kind>object</kind>
         <file>subsystem.obj</file>
         <name>subsystem.obj</name>
      </input_file>
      <input_file id="fl-8">
         <path>.\</path>
         <kind>object</kind>
         <file>task.obj</file>
         <name>task.obj</name>
      </input_file>
      <input_file id="fl-9">
         <path>.\</path>
         <kind>object</kind>
         <file>timing.obj</file>
         <name>timing.obj</name>
      </input_file>
      <input_file id="fl-a">
         <path>.\</path>
         <kind>object</kind>
         <file>uart.obj</file>
         <name>uart.obj</name>
      </input_file>
      <input_file id="fl-10">
         <kind>object</kind>
         <file>&lt;internal&gt;</file>
         <name>&lt;internal&gt;</name>
      </input_file>
      <input_file id="fl-2b">
         <path>C:\ti\ccsv8\tools\compiler\ti-cgt-msp430_18.1.4.LTS\lib\</path>
         <kind>archive</kind>
         <file>rts430x_lc_rd_eabi.lib</file>
         <name>div16u.asm.obj</name>
      </input_file>
      <input_file id="fl-2c">
         <path>C:\ti\ccsv8\tools\compiler\ti-cgt-msp430_18.1.4.LTS\lib\</path>
         <kind>archive</kind>
         <file>rts430x_lc_rd_eabi.lib</file>
         <name>div32u.asm.obj</name>
      </input_file>
      <input_file id="fl-2d">
         <path>C:\ti\ccsv8\tools\compiler\ti-cgt-msp430_18.1.4.LTS\lib\</path>
         <kind>archive</kind>
         <file>rts430x_lc_rd_eabi.lib</file>
         <name>fs_mpy.asm.obj</name>
      </input_file>
      <input_file id="fl-2e">
         <path>C:\ti\ccsv8\tools\compiler\ti-cgt-msp430_18.1.4.LTS\lib\</path>
         <kind>archive</kind>
         <file>rts430x_lc_rd_eabi.lib</file>
         <name>fs_toi.asm.obj</name>
      </input_file>
      <input_file id="fl-2f">
         <path>C:\ti\ccsv8\tools\compiler\ti-cgt-msp430_18.1.4.LTS\lib\</path>
         <kind>archive</kind>
         <file>rts430x_lc_rd_eabi.lib</file>
         <name>fs_tol.asm.obj</name>
      </input_file>
      <input_file id="fl-30">
         <path>C:\ti\ccsv8\tools\compiler\ti-cgt-msp430_18.1.4.LTS\lib\</path>
         <kind>archive</kind>
         <file>rts430x_lc_rd_eabi.lib</file>
         <name>int41.asm.obj</name>
      </input_file>
      <input_file id="fl-31">
         <path>C:\ti\ccsv8\tools\compiler\ti-cgt-msp430_18.1.4.LTS\lib\</path>
         <kind>archive</kind>
         <file>rts430x_lc_rd_eabi.lib</file>
         <name>int42.asm.obj</name>
      </input_file>
      <input_file id="fl-32">
         <path>C:\ti\ccsv8\tools\compiler\ti-cgt-msp430_18.1.4.LTS\lib\</path>
         <kind>archive</kind>
         <file>rts430x_lc_rd_eabi.lib</file>
         <name>int43.asm.obj</name>
      </input_file>
      <input_file id="fl-33">
         <path>C:\ti\ccsv8\tools\compiler\ti-cgt-msp430_18.1.4.LTS\lib\</path>
         <kind>archive</kind>
         <file>rts430x_lc_rd_eabi.lib</file>
         <name>int44.asm.obj</name>
      </input_file>
      <input_file id="fl-34">
         <path>C:\ti\ccsv8\tools\compiler\ti-cgt-msp430_18.1.4.LTS\lib\</path>
         <kind>archive</kind>
         <file>rts430x_lc_rd_eabi.lib</file>
         <name>int45.asm.obj</name>
      </input_file>
      <input_file id="fl-35">
         <path>C:\ti\ccsv8\tools\compiler\ti-cgt-msp430_18.1.4.LTS\lib\</path>
         <kind>archive</kind>
         <file>rts430x_lc_rd_eabi.lib</file>
         <name>int47.asm.obj</name>
      </input_file>
      <input_file id="fl-36">
         <path>C:\ti\ccsv8\tools\compiler\ti-cgt-msp430_18.1.4.LTS\lib\</path>
         <kind>archive</kind>
         <file>rts430x_lc_rd_eabi.lib</file>
         <name>int48.asm.obj</name>
      </input_file>
      <input_file id="fl-37">
         <path>C:\ti\ccsv8\tools\compiler\ti-cgt-msp430_18.1.4.LTS\lib\</path>
         <kind>archive</kind>
         <file>rts430x_lc_rd_eabi.lib</file>
         <name>int49.asm.obj</name>
      </input_file>
      <input_file id="fl-38">
         <path>C:\ti\ccsv8\tools\compiler\ti-cgt-msp430_18.1.4.LTS\lib\</path>
         <kind>archive</kind>
         <file>rts430x_lc_rd_eabi.lib</file>
         <name>int50.asm.obj</name>
      </input_file>
      <input_file id="fl-39">
         <path>C:\ti\ccsv8\tools\compiler\ti-cgt-msp430_18.1.4.LTS\lib\</path>
         <kind>archive</kind>
         <file>rts430x_lc_rd_eabi.lib</file>
         <name>int51.asm.obj</name>
      </input_file>
      <input_file id="fl-3a">
         <path>C:\ti\ccsv8\tools\compiler\ti-cgt-msp430_18.1.4.LTS\lib\</path>
         <kind>archive</kind>
         <file>rts430x_lc_rd_eabi.lib</file>
         <name>int52.asm.obj</name>
      </input_file>
      <input_file id="fl-3b">
         <path>C:\ti\ccsv8\tools\compiler\ti-cgt-msp430_18.1.4.LTS\lib\</path>
         <kind>archive</kind>
         <file>rts430x_lc_rd_eabi.lib</file>
         <name>int54.asm.obj</name>
      </input_file>
      <input_file id="fl-3c">
         <path>C:\ti\ccsv8\tools\compiler\ti-cgt-msp430_18.1.4.LTS\lib\</path>
         <kind>archive</kind>
         <file>rts430x_lc_rd_eabi.lib</file>
         <name>int55.asm.obj</name>
      </input_file>
      <input_file id="fl-3d">
         <path>C:\ti\ccsv8\tools\compiler\ti-cgt-msp430_18.1.4.LTS\lib\</path>
         <kind>archive</kind>
         <file>rts430x_lc_rd_eabi.lib</file>
         <name>int56.asm.obj</name>
      </input_file>
      <input_file id="fl-3e">
         <path>C:\ti\ccsv8\tools\compiler\ti-cgt-msp430_18.1.4.LTS\lib\</path>
         <kind>archive</kind>
         <file>rts430x_lc_rd_eabi.lib</file>
         <name>int57.asm.obj</name>
      </input_file>
      <input_file id="fl-3f">
         <path>C:\ti\ccsv8\tools\compiler\ti-cgt-msp430_18.1.4.LTS\lib\</path>
         <kind>archive</kind>
         <file>rts430x_lc_rd_eabi.lib</file>
         <name>int58.asm.obj</name>
      </input_file>
      <input_file id="fl-40">
         <path>C:\ti\ccsv8\tools\compiler\ti-cgt-msp430_18.1.4.LTS\lib\</path>
         <kind>archive</kind>
         <file>rts430x_lc_rd_eabi.lib</file>
         <name>int59.asm.obj</name>
      </input_file>
      <input_file id="fl-41">
         <path>C:\ti\ccsv8\tools\compiler\ti-cgt-msp430_18.1.4.LTS\lib\</path>
         <kind>archive</kind>
         <file>rts430x_lc_rd_eabi.lib</file>
         <name>int60.asm.obj</name>
      </input_file>
      <input_file id="fl-42">
         <path>C:\ti\ccsv8\tools\compiler\ti-cgt-msp430_18.1.4.LTS\lib\</path>
         <kind>archive</kind>
         <file>rts430x_lc_rd_eabi.lib</file>
         <name>int61.asm.obj</name>
      </input_file>
      <input_file id="fl-43">
         <path>C:\ti\ccsv8\tools\compiler\ti-cgt-msp430_18.1.4.LTS\lib\</path>
         <kind>archive</kind>
         <file>rts430x_lc_rd_eabi.lib</file>
         <name>int62.asm.obj</name>
      </input_file>
      <input_file id="fl-44">
         <path>C:\ti\ccsv8\tools\compiler\ti-cgt-msp430_18.1.4.LTS\lib\</path>
         <kind>archive</kind>
         <file>rts430x_lc_rd_eabi.lib</file>
         <name>isr_trap.asm.obj</name>
      </input_file>
      <input_file id="fl-45">
         <path>C:\ti\ccsv8\tools\compiler\ti-cgt-msp430_18.1.4.LTS\lib\</path>
         <kind>archive</kind>
         <file>rts430x_lc_rd_eabi.lib</file>
         <name>lsl16.asm.obj</name>
      </input_file>
      <input_file id="fl-46">
         <path>C:\ti\ccsv8\tools\compiler\ti-cgt-msp430_18.1.4.LTS\lib\</path>
         <kind>archive</kind>
         <file>rts430x_lc_rd_eabi.lib</file>
         <name>lsr32.asm.obj</name>
      </input_file>
      <input_file id="fl-47">
         <path>C:\ti\ccsv8\tools\compiler\ti-cgt-msp430_18.1.4.LTS\lib\</path>
         <kind>archive</kind>
         <file>rts430x_lc_rd_eabi.lib</file>
         <name>mult16.asm.obj</name>
      </input_file>
      <input_file id="fl-48">
         <path>C:\ti\ccsv8\tools\compiler\ti-cgt-msp430_18.1.4.LTS\lib\</path>
         <kind>archive</kind>
         <file>rts430x_lc_rd_eabi.lib</file>
         <name>mult16_f5hw.asm.obj</name>
      </input_file>
      <input_file id="fl-49">
         <path>C:\ti\ccsv8\tools\compiler\ti-cgt-msp430_18.1.4.LTS\lib\</path>
         <kind>archive</kind>
         <file>rts430x_lc_rd_eabi.lib</file>
         <name>mult1632_f5hw.asm.obj</name>
      </input_file>
      <input_file id="fl-4a">
         <path>C:\ti\ccsv8\tools\compiler\ti-cgt-msp430_18.1.4.LTS\lib\</path>
         <kind>archive</kind>
         <file>rts430x_lc_rd_eabi.lib</file>
         <name>mult32.asm.obj</name>
      </input_file>
      <input_file id="fl-4b">
         <path>C:\ti\ccsv8\tools\compiler\ti-cgt-msp430_18.1.4.LTS\lib\</path>
         <kind>archive</kind>
         <file>rts430x_lc_rd_eabi.lib</file>
         <name>mult32_f5hw.asm.obj</name>
      </input_file>
      <input_file id="fl-4c">
         <path>C:\ti\ccsv8\tools\compiler\ti-cgt-msp430_18.1.4.LTS\lib\</path>
         <kind>archive</kind>
         <file>rts430x_lc_rd_eabi.lib</file>
         <name>mult3264_f5hw.asm.obj</name>
      </input_file>
      <input_file id="fl-4d">
         <path>C:\ti\ccsv8\tools\compiler\ti-cgt-msp430_18.1.4.LTS\lib\</path>
         <kind>archive</kind>
         <file>rts430x_lc_rd_eabi.lib</file>
         <name>mult64_f5hw.asm.obj</name>
      </input_file>
      <input_file id="fl-4e">
         <path>C:\ti\ccsv8\tools\compiler\ti-cgt-msp430_18.1.4.LTS\lib\</path>
         <kind>archive</kind>
         <file>rts430x_lc_rd_eabi.lib</file>
         <name>boot.c.obj</name>
      </input_file>
      <input_file id="fl-4f">
         <path>C:\ti\ccsv8\tools\compiler\ti-cgt-msp430_18.1.4.LTS\lib\</path>
         <kind>archive</kind>
         <file>rts430x_lc_rd_eabi.lib</file>
         <name>autoinit.c.obj</name>
      </input_file>
      <input_file id="fl-50">
         <path>C:\ti\ccsv8\tools\compiler\ti-cgt-msp430_18.1.4.LTS\lib\</path>
         <kind>archive</kind>
         <file>rts430x_lc_rd_eabi.lib</file>
         <name>copy_zero_init.c.obj</name>
      </input_file>
      <input_file id="fl-51">
         <path>C:\ti\ccsv8\tools\compiler\ti-cgt-msp430_18.1.4.LTS\lib\</path>
         <kind>archive</kind>
         <file>rts430x_lc_rd_eabi.lib</file>
         <name>cpy_tbl.c.obj</name>
      </input_file>
      <input_file id="fl-52">
         <path>C:\ti\ccsv8\tools\compiler\ti-cgt-msp430_18.1.4.LTS\lib\</path>
         <kind>archive</kind>
         <file>rts430x_lc_rd_eabi.lib</file>
         <name>mpu_init.c.obj</name>
      </input_file>
      <input_file id="fl-53">
         <path>C:\ti\ccsv8\tools\compiler\ti-cgt-msp430_18.1.4.LTS\lib\</path>
         <kind>archive</kind>
         <file>rts430x_lc_rd_eabi.lib</file>
         <name>pre_init.c.obj</name>
      </input_file>
      <input_file id="fl-54">
         <path>C:\ti\ccsv8\tools\compiler\ti-cgt-msp430_18.1.4.LTS\lib\</path>
         <kind>archive</kind>
         <file>rts430x_lc_rd_eabi.lib</file>
         <name>startup.c.obj</name>
      </input_file>
      <input_file id="fl-55">
         <path>C:\ti\ccsv8\tools\compiler\ti-cgt-msp430_18.1.4.LTS\lib\</path>
         <kind>archive</kind>
         <file>rts430x_lc_rd_eabi.lib</file>
         <name>copy_decompress_none.c.obj</name>
      </input_file>
      <input_file id="fl-56">
         <path>C:\ti\ccsv8\tools\compiler\ti-cgt-msp430_18.1.4.LTS\lib\</path>
         <kind>archive</kind>
         <file>rts430x_lc_rd_eabi.lib</file>
         <name>copy_decompress_lzss.c.obj</name>
      </input_file>
      <input_file id="fl-57">
         <path>C:\ti\ccsv8\tools\compiler\ti-cgt-msp430_18.1.4.LTS\lib\</path>
         <kind>archive</kind>
         <file>rts430x_lc_rd_eabi.lib</file>
         <name>cvtdf.c.obj</name>
      </input_file>
      <input_file id="fl-58">
         <path>C:\ti\ccsv8\tools\compiler\ti-cgt-msp430_18.1.4.LTS\lib\</path>
         <kind>archive</kind>
         <file>rts430x_lc_rd_eabi.lib</file>
         <name>exit.c.obj</name>
      </input_file>
      <input_file id="fl-59">
         <path>C:\ti\ccsv8\tools\compiler\ti-cgt-msp430_18.1.4.LTS\lib\</path>
         <kind>archive</kind>
         <file>rts430x_lc_rd_eabi.lib</file>
         <name>_lock.c.obj</name>
      </input_file>
      <input_file id="fl-5a">
         <path>C:\ti\ccsv8\tools\compiler\ti-cgt-msp430_18.1.4.LTS\lib\</path>
         <kind>archive</kind>
         <file>rts430x_lc_rd_eabi.lib</file>
         <name>args_main.c.obj</name>
      </input_file>
      <input_file id="fl-5b">
         <path>C:\ti\ccsv8\tools\compiler\ti-cgt-msp430_18.1.4.LTS\lib\</path>
         <kind>archive</kind>
         <file>rts430x_lc_rd_eabi.lib</file>
         <name>memcpy.c.obj</name>
      </input_file>
      <input_file id="fl-5c">
         <path>C:\ti\ccsv8\tools\compiler\ti-cgt-msp430_18.1.4.LTS\lib\</path>
         <kind>archive</kind>
         <file>rts430x_lc_rd_eabi.lib</file>
         <name>strcasecmp.c.obj</name>
      </input_file>
      <input_file id="fl-5d">
         <path>C:\ti\ccsv8\tools\compiler\ti-cgt-msp430_18.1.4.LTS\lib\</path>
         <kind>archive</kind>
         <file>rts430x_lc_rd_eabi.lib</file>
         <name>strlen.c.obj</name>
      </input_file>
      <input_file id="fl-5e">
         <path>C:\ti\ccsv8\tools\compiler\ti-cgt-msp430_18.1.4.LTS\lib\</path>
         <kind>archive</kind>
         <file>rts430x_lc_rd_eabi.lib</file>
         <name>tolower.c.obj</name>
      </input_file>
      <input_file id="fl-5f">
         <path>C:\ti\ccsv8\tools\compiler\ti-cgt-msp430_18.1.4.LTS\lib\</path>
         <kind>archive</kind>
         <file>rts430x_lc_rd_eabi.lib</file>
         <name>lsl32.asm.obj</name>
      </input_file>
      <input_file id="fl-60">
         <path>C:\ti\ccsv8\tools\compiler\ti-cgt-msp430_18.1.4.LTS\lib\</path>
         <kind>archive</kind>
         <file>rts430x_lc_rd_eabi.lib</file>
         <name>exit_gvars.c.obj</name>
      </input_file>
      <input_file id="fl-61">
         <path>C:\ti\ccsv8\tools\compiler\ti-cgt-msp430_18.1.4.LTS\lib\</path>
         <kind>archive</kind>
         <file>rts430x_lc_rd_eabi.lib</file>
         <name>lsr64.c.obj</name>
      </input_file>
      <input_file id="fl-62">
         <path>C:\ti\ccsv8\tools\compiler\ti-cgt-msp430_18.1.4.LTS\lib\</path>
         <kind>archive</kind>
         <file>rts430x_lc_rd_eabi.lib</file>
         <name>ctype.c.obj</name>
      </input_file>
   </input_file_list>
   <object_component_list>
      <object_component id="oc-4bf">
         <name>.bss</name>
         <uninitialized>true</uninitialized>
         <run_address>0x284c</run_address>
         <size>0x1</size>
         <input_file_ref idref="fl-6"/>
      </object_component>
      <object_component id="oc-737">
         <name>.bss:receive_buffer</name>
         <uninitialized>true</uninitialized>
         <run_address>0x2742</run_address>
         <size>0x40</size>
         <input_file_ref idref="fl-7"/>
      </object_component>
      <object_component id="oc-736">
         <name>.bss</name>
         <uninitialized>true</uninitialized>
         <run_address>0x284a</run_address>
         <size>0x2</size>
         <input_file_ref idref="fl-7"/>
      </object_component>
      <object_component id="oc-596">
         <name>.common:sys</name>
         <uninitialized>true</uninitialized>
         <run_address>0x2630</run_address>
         <size>0x92</size>
      </object_component>
      <object_component id="oc-554">
         <name>.common:task_list_array</name>
         <uninitialized>true</uninitialized>
         <run_address>0x2400</run_address>
         <size>0x140</size>
      </object_component>
      <object_component id="oc-550">
         <name>.common:task_list_links</name>
         <uninitialized>true</uninitialized>
         <run_address>0x2540</run_address>
         <size>0xf0</size>
      </object_component>
      <object_component id="oc-553">
         <name>.common:task_list</name>
         <uninitialized>true</uninitialized>
         <run_address>0x2782</run_address>
         <size>0x30</size>
      </object_component>
      <object_component id="oc-573">
         <name>.common:idle_task</name>
         <uninitialized>true</uninitialized>
         <run_address>0x283e</run_address>
         <size>0x4</size>
      </object_component>
      <object_component id="oc-40b">
         <name>.common:time_ms</name>
         <uninitialized>true</uninitialized>
         <run_address>0x2846</run_address>
         <size>0x4</size>
      </object_component>
      <object_component id="oc-547">
         <name>.common:rollover_time</name>
         <uninitialized>true</uninitialized>
         <run_address>0x2842</run_address>
         <size>0x4</size>
      </object_component>
      <object_component id="oc-589">
         <name>.common:rx1</name>
         <uninitialized>true</uninitialized>
         <run_address>0x27f6</run_address>
         <size>0x1c</size>
      </object_component>
      <object_component id="oc-591">
         <name>.common:tx1</name>
         <uninitialized>true</uninitialized>
         <run_address>0x2812</run_address>
         <size>0x1c</size>
      </object_component>
      <object_component id="oc-592">
         <name>.common:tx_buffer_array1</name>
         <uninitialized>true</uninitialized>
         <run_address>0x26c2</run_address>
         <size>0x80</size>
      </object_component>
      <object_component id="oc-58a">
         <name>.common:rx_buffer_array1</name>
         <uninitialized>true</uninitialized>
         <run_address>0x27d6</run_address>
         <size>0x20</size>
      </object_component>
      <object_component id="oc-593">
         <name>.common:receiverList1</name>
         <uninitialized>true</uninitialized>
         <run_address>0x282e</run_address>
         <size>0x8</size>
      </object_component>
      <object_component id="oc-594">
         <name>.common:receiver_array1</name>
         <uninitialized>true</uninitialized>
         <run_address>0x2836</run_address>
         <size>0x8</size>
      </object_component>
      <object_component id="oc-447">
         <name>.common:uart</name>
         <uninitialized>true</uninitialized>
         <run_address>0x27b2</run_address>
         <size>0x24</size>
      </object_component>
      <object_component id="oc-45b">
         <name>.common:rx_flags</name>
         <uninitialized>true</uninitialized>
         <run_address>0x284e</run_address>
         <size>0x1</size>
      </object_component>
      <object_component id="oc-582">
         <name>.common:error_flags</name>
         <uninitialized>true</uninitialized>
         <run_address>0x284d</run_address>
         <size>0x1</size>
      </object_component>
      <object_component id="oc-79e">
         <name>.data</name>
         <load_address>0x2868</load_address>
         <run_address>0x2868</run_address>
         <size>0x2</size>
         <input_file_ref idref="fl-5"/>
      </object_component>
      <object_component id="oc-76c">
         <name>.data:log_level_str</name>
         <load_address>0x2850</load_address>
         <run_address>0x2850</run_address>
         <size>0x14</size>
         <input_file_ref idref="fl-7"/>
      </object_component>
      <object_component id="oc-674">
         <name>.data</name>
         <load_address>0x2864</load_address>
         <run_address>0x2864</run_address>
         <size>0x4</size>
         <input_file_ref idref="fl-7"/>
      </object_component>
      <object_component id="oc-54f">
         <name>.data</name>
         <load_address>0x286a</load_address>
         <run_address>0x286a</run_address>
         <size>0x1</size>
         <input_file_ref idref="fl-8"/>
      </object_component>
      <object_component id="oc-546">
         <name>.data</name>
         <load_address>0x286b</load_address>
         <run_address>0x286b</run_address>
         <size>0x1</size>
         <input_file_ref idref="fl-9"/>
      </object_component>
      <object_component id="oc-57b">
         <name>.data</name>
         <load_address>0x286c</load_address>
         <run_address>0x286c</run_address>
         <size>0x1</size>
         <input_file_ref idref="fl-a"/>
      </object_component>
      <object_component id="oc-37d">
         <name>.stack</name>
         <uninitialized>true</uninitialized>
         <run_address>0x4360</run_address>
         <size>0x4</size>
         <input_file_ref idref="fl-4e"/>
      </object_component>
      <object_component id="oc-821">
         <name>.stack</name>
         <uninitialized>true</uninitialized>
         <run_address>0x4360</run_address>
         <size>0x0</size>
      </object_component>
      <object_component id="oc-679">
         <name>.text:SystemCallback</name>
         <load_address>0x10000</load_address>
         <run_address>0x10000</run_address>
         <size>0x254</size>
         <input_file_ref idref="fl-7"/>
      </object_component>
      <object_component id="oc-583">
         <name>.text:hal_UART_Init</name>
         <load_address>0x10254</load_address>
         <run_address>0x10254</run_address>
         <size>0x1dc</size>
         <input_file_ref idref="fl-4"/>
      </object_component>
      <object_component id="oc-5ab">
         <name>.text:Buffer_vprintf</name>
         <load_address>0x10430</load_address>
         <run_address>0x10430</run_address>
         <size>0x1d4</size>
         <input_file_ref idref="fl-3"/>
      </object_component>
      <object_component id="oc-57c">
         <name>.text:UART_Tick</name>
         <load_address>0x10604</load_address>
         <run_address>0x10604</run_address>
         <size>0x1a0</size>
         <input_file_ref idref="fl-a"/>
      </object_component>
      <object_component id="oc-73a">
         <name>.text:ProcessMsg</name>
         <load_address>0x107a4</load_address>
         <run_address>0x107a4</run_address>
         <size>0x134</size>
         <input_file_ref idref="fl-7"/>
      </object_component>
      <object_component id="oc-6dd">
         <name>.text:Link</name>
         <load_address>0x108d8</load_address>
         <run_address>0x108d8</run_address>
         <size>0x118</size>
         <input_file_ref idref="fl-5"/>
      </object_component>
      <object_component id="oc-6e5">
         <name>.text:Unlink</name>
         <load_address>0x109f0</load_address>
         <run_address>0x109f0</run_address>
         <size>0xf8</size>
         <input_file_ref idref="fl-5"/>
      </object_component>
      <object_component id="oc-5e4">
         <name>.text:List_LinkItem</name>
         <load_address>0x10ae8</load_address>
         <run_address>0x10ae8</run_address>
         <size>0xbe</size>
         <input_file_ref idref="fl-5"/>
      </object_component>
      <object_component id="oc-4d4">
         <name>.text:SystemTick</name>
         <load_address>0x10ba6</load_address>
         <run_address>0x10ba6</run_address>
         <size>0xb8</size>
         <input_file_ref idref="fl-8"/>
      </object_component>
      <object_component id="oc-758">
         <name>.text</name>
         <load_address>0x10c5e</load_address>
         <run_address>0x10c5e</run_address>
         <size>0xb8</size>
         <input_file_ref idref="fl-2d"/>
      </object_component>
      <object_component id="oc-689">
         <name>.text:Buffer_HexN</name>
         <load_address>0x10d16</load_address>
         <run_address>0x10d16</run_address>
         <size>0xb4</size>
         <input_file_ref idref="fl-3"/>
      </object_component>
      <object_component id="oc-5cc">
         <name>.text:List_Link</name>
         <load_address>0x10dca</load_address>
         <run_address>0x10dca</run_address>
         <size>0xa8</size>
         <input_file_ref idref="fl-5"/>
      </object_component>
      <object_component id="oc-772">
         <name>.text:FindUnusedLink</name>
         <load_address>0x10e72</load_address>
         <run_address>0x10e72</run_address>
         <size>0x9e</size>
         <input_file_ref idref="fl-5"/>
      </object_component>
      <object_component id="oc-4a9">
         <name>.text:UART_Init</name>
         <load_address>0x10f10</load_address>
         <run_address>0x10f10</run_address>
         <size>0x9e</size>
         <input_file_ref idref="fl-a"/>
      </object_component>
      <object_component id="oc-6b3">
         <name>.text:Buffer_Float</name>
         <load_address>0x10fae</load_address>
         <run_address>0x10fae</run_address>
         <size>0x9c</size>
         <input_file_ref idref="fl-3"/>
      </object_component>
      <object_component id="oc-41d">
         <name>.text:main</name>
         <load_address>0x1104a</load_address>
         <run_address>0x1104a</run_address>
         <size>0x92</size>
         <input_file_ref idref="fl-6"/>
      </object_component>
      <object_component id="oc-450">
         <name>.text:Buffer_Enqueue</name>
         <load_address>0x110dc</load_address>
         <run_address>0x110dc</run_address>
         <size>0x90</size>
         <input_file_ref idref="fl-2"/>
      </object_component>
      <object_component id="oc-555">
         <name>.text:List_Init</name>
         <load_address>0x1116c</load_address>
         <run_address>0x1116c</run_address>
         <size>0x8c</size>
         <input_file_ref idref="fl-5"/>
      </object_component>
      <object_component id="oc-6ad">
         <name>.text:__mspabi_cvtdf</name>
         <load_address>0x111f8</load_address>
         <run_address>0x111f8</run_address>
         <size>0x8c</size>
         <input_file_ref idref="fl-57"/>
      </object_component>
      <object_component id="oc-67f">
         <name>.text:Receiver</name>
         <load_address>0x11284</load_address>
         <run_address>0x11284</run_address>
         <size>0x80</size>
         <input_file_ref idref="fl-7"/>
      </object_component>
      <object_component id="oc-75d">
         <name>.text</name>
         <load_address>0x11304</load_address>
         <run_address>0x11304</run_address>
         <size>0x7e</size>
         <input_file_ref idref="fl-2f"/>
      </object_component>
      <object_component id="oc-4b9">
         <name>.text:Subsystem_Init</name>
         <load_address>0x11382</load_address>
         <run_address>0x11382</run_address>
         <size>0x7c</size>
         <input_file_ref idref="fl-7"/>
      </object_component>
      <object_component id="oc-6d">
         <name>.text:decompress:lzss:__TI_decompress_lzss</name>
         <load_address>0x113fe</load_address>
         <run_address>0x113fe</run_address>
         <size>0x76</size>
         <input_file_ref idref="fl-56"/>
      </object_component>
      <object_component id="oc-4a3">
         <name>.text:Task_Init</name>
         <load_address>0x11474</load_address>
         <run_address>0x11474</run_address>
         <size>0x70</size>
         <input_file_ref idref="fl-8"/>
      </object_component>
      <object_component id="oc-753">
         <name>.text</name>
         <load_address>0x114e4</load_address>
         <run_address>0x114e4</run_address>
         <size>0x68</size>
         <input_file_ref idref="fl-2e"/>
      </object_component>
      <object_component id="oc-6ec">
         <name>.text:FindLinkByItem</name>
         <load_address>0x1154c</load_address>
         <run_address>0x1154c</run_address>
         <size>0x64</size>
         <input_file_ref idref="fl-5"/>
      </object_component>
      <object_component id="oc-695">
         <name>.text:Buffer_uint32</name>
         <load_address>0x115b0</load_address>
         <run_address>0x115b0</run_address>
         <size>0x62</size>
         <input_file_ref idref="fl-3"/>
      </object_component>
      <object_component id="oc-5b8">
         <name>.text:Subsystem_Write</name>
         <load_address>0x11612</load_address>
         <run_address>0x11612</run_address>
         <size>0x5a</size>
         <input_file_ref idref="fl-7"/>
      </object_component>
      <object_component id="oc-648">
         <name>.text</name>
         <load_address>0x1166c</load_address>
         <run_address>0x1166c</run_address>
         <size>0x58</size>
         <input_file_ref idref="fl-2c"/>
      </object_component>
      <object_component id="oc-5b1">
         <name>.text:UART_Tx_Start</name>
         <load_address>0x116c4</load_address>
         <run_address>0x116c4</run_address>
         <size>0x56</size>
         <input_file_ref idref="fl-a"/>
      </object_component>
      <object_component id="oc-5bf">
         <name>.text:List_AddIndirect</name>
         <load_address>0x1171a</load_address>
         <run_address>0x1171a</run_address>
         <size>0x54</size>
         <input_file_ref idref="fl-5"/>
      </object_component>
      <object_component id="oc-4ff">
         <name>.text:__TI_auto_init_nobinit_nopinit_hold_wdt:__TI_auto_init_nobinit_nopinit_hold_wdt</name>
         <load_address>0x1176e</load_address>
         <run_address>0x1176e</run_address>
         <size>0x54</size>
         <input_file_ref idref="fl-4f"/>
      </object_component>
      <object_component id="oc-69b">
         <name>.text:Buffer_uint16</name>
         <load_address>0x117c2</load_address>
         <run_address>0x117c2</run_address>
         <size>0x52</size>
         <input_file_ref idref="fl-3"/>
      </object_component>
      <object_component id="oc-404">
         <name>.text:UART_Tx_Handler</name>
         <load_address>0x11814</load_address>
         <run_address>0x11814</run_address>
         <size>0x4e</size>
         <input_file_ref idref="fl-a"/>
      </object_component>
      <object_component id="oc-59d">
         <name>.text:Subsystem_SystemInit</name>
         <load_address>0x11862</load_address>
         <run_address>0x11862</run_address>
         <size>0x4c</size>
         <input_file_ref idref="fl-7"/>
      </object_component>
      <object_component id="oc-4c8">
         <name>.text:BlinkLED</name>
         <load_address>0x118ae</load_address>
         <run_address>0x118ae</run_address>
         <size>0x4a</size>
         <input_file_ref idref="fl-6"/>
      </object_component>
      <object_component id="oc-4ce">
         <name>.text:Task_Schedule</name>
         <load_address>0x118f8</load_address>
         <run_address>0x118f8</run_address>
         <size>0x4a</size>
         <input_file_ref idref="fl-8"/>
      </object_component>
      <object_component id="oc-6c2">
         <name>.text:Log_Header</name>
         <load_address>0x11942</load_address>
         <run_address>0x11942</run_address>
         <size>0x44</size>
         <input_file_ref idref="fl-7"/>
      </object_component>
      <object_component id="oc-574">
         <name>.text:RollTimer</name>
         <load_address>0x11986</load_address>
         <run_address>0x11986</run_address>
         <size>0x44</size>
         <input_file_ref idref="fl-8"/>
      </object_component>
      <object_component id="oc-682">
         <name>.text:UART_RegisterReceiver</name>
         <load_address>0x119ca</load_address>
         <run_address>0x119ca</run_address>
         <size>0x44</size>
         <input_file_ref idref="fl-a"/>
      </object_component>
      <object_component id="oc-469">
         <name>.text:Buffer_Dequeue</name>
         <load_address>0x11a0e</load_address>
         <run_address>0x11a0e</run_address>
         <size>0x3e</size>
         <input_file_ref idref="fl-2"/>
      </object_component>
      <object_component id="oc-3f8">
         <name>.text:UART_Rx_Handler</name>
         <load_address>0x11a4c</load_address>
         <run_address>0x11a4c</run_address>
         <size>0x3e</size>
         <input_file_ref idref="fl-a"/>
      </object_component>
      <object_component id="oc-74c">
         <name>.text:l_lsl_const</name>
         <load_address>0x11a8a</load_address>
         <run_address>0x11a8a</run_address>
         <size>0x3e</size>
         <input_file_ref idref="fl-5f"/>
      </object_component>
      <object_component id="oc-64d">
         <name>.text:l_lsr_const</name>
         <load_address>0x11ac8</load_address>
         <run_address>0x11ac8</run_address>
         <size>0x3e</size>
         <input_file_ref idref="fl-46"/>
      </object_component>
      <object_component id="oc-729">
         <name>.text:strcasecmp</name>
         <load_address>0x11b06</load_address>
         <run_address>0x11b06</run_address>
         <size>0x36</size>
         <input_file_ref idref="fl-5c"/>
      </object_component>
      <object_component id="oc-6d5">
         <name>.text:GetUnusedLink</name>
         <load_address>0x11b3c</load_address>
         <run_address>0x11b3c</run_address>
         <size>0x34</size>
         <input_file_ref idref="fl-5"/>
      </object_component>
      <object_component id="oc-4c2">
         <name>.text:UART_printf</name>
         <load_address>0x11b70</load_address>
         <run_address>0x11b70</run_address>
         <size>0x32</size>
         <input_file_ref idref="fl-a"/>
      </object_component>
      <object_component id="oc-6c8">
         <name>.text:UART_vprintf</name>
         <load_address>0x11ba2</load_address>
         <run_address>0x11ba2</run_address>
         <size>0x2e</size>
         <input_file_ref idref="fl-a"/>
      </object_component>
      <object_component id="oc-766">
         <name>.text:Subsystem_GetName</name>
         <load_address>0x11bd0</load_address>
         <run_address>0x11bd0</run_address>
         <size>0x2c</size>
         <input_file_ref idref="fl-7"/>
      </object_component>
      <object_component id="oc-58b">
         <name>.text:Buffer_Init</name>
         <load_address>0x11bfc</load_address>
         <run_address>0x11bfc</run_address>
         <size>0x2a</size>
         <input_file_ref idref="fl-2"/>
      </object_component>
      <object_component id="oc-68f">
         <name>.text:Buffer_int32</name>
         <load_address>0x11c26</load_address>
         <run_address>0x11c26</run_address>
         <size>0x2a</size>
         <input_file_ref idref="fl-3"/>
      </object_component>
      <object_component id="oc-6ce">
         <name>.text:UART_WriteByte</name>
         <load_address>0x11c50</load_address>
         <run_address>0x11c50</run_address>
         <size>0x2a</size>
         <input_file_ref idref="fl-a"/>
      </object_component>
      <object_component id="oc-3b0">
         <name>.text:decompress:ZI:__TI_zero_init</name>
         <load_address>0x11c7a</load_address>
         <run_address>0x11c7a</run_address>
         <size>0x24</size>
         <input_file_ref idref="fl-50"/>
      </object_component>
      <object_component id="oc-6bb">
         <name>.text:hal_UART_TxInterruptEnabled</name>
         <load_address>0x11c9e</load_address>
         <run_address>0x11c9e</run_address>
         <size>0x24</size>
         <input_file_ref idref="fl-4"/>
      </object_component>
      <object_component id="oc-6a7">
         <name>.text:Buffer_int16</name>
         <load_address>0x11cc2</load_address>
         <run_address>0x11cc2</run_address>
         <size>0x22</size>
         <input_file_ref idref="fl-3"/>
      </object_component>
      <object_component id="oc-5d2">
         <name>.text:List_GetFirst</name>
         <load_address>0x11ce4</load_address>
         <run_address>0x11ce4</run_address>
         <size>0x20</size>
         <input_file_ref idref="fl-5"/>
      </object_component>
      <object_component id="oc-45c">
         <name>.text:hal_UART_DataAvailable</name>
         <load_address>0x11d04</load_address>
         <run_address>0x11d04</run_address>
         <size>0x20</size>
         <input_file_ref idref="fl-4"/>
      </object_component>
      <object_component id="oc-475">
         <name>.text:hal_UART_SpaceAvailable</name>
         <load_address>0x11d24</load_address>
         <run_address>0x11d24</run_address>
         <size>0x20</size>
         <input_file_ref idref="fl-4"/>
      </object_component>
      <object_component id="oc-5de">
         <name>.text:List_Remove</name>
         <load_address>0x11d44</load_address>
         <run_address>0x11d44</run_address>
         <size>0x1e</size>
         <input_file_ref idref="fl-5"/>
      </object_component>
      <object_component id="oc-49d">
         <name>.text:Timing_Init</name>
         <load_address>0x11d62</load_address>
         <run_address>0x11d62</run_address>
         <size>0x1e</size>
         <input_file_ref idref="fl-9"/>
      </object_component>
      <object_component id="oc-44a">
         <name>.text:hal_UART_RxByte</name>
         <load_address>0x11d80</load_address>
         <run_address>0x11d80</run_address>
         <size>0x1c</size>
         <input_file_ref idref="fl-4"/>
      </object_component>
      <object_component id="oc-6a1">
         <name>.text:Buffer_Str</name>
         <load_address>0x11d9c</load_address>
         <run_address>0x11d9c</run_address>
         <size>0x1a</size>
         <input_file_ref idref="fl-3"/>
      </object_component>
      <object_component id="oc-55b">
         <name>.text:SortTask</name>
         <load_address>0x11db6</load_address>
         <run_address>0x11db6</run_address>
         <size>0x1a</size>
         <input_file_ref idref="fl-8"/>
      </object_component>
      <object_component id="oc-634">
         <name>.text:List_GetNext</name>
         <load_address>0x11dd0</load_address>
         <run_address>0x11dd0</run_address>
         <size>0x18</size>
         <input_file_ref idref="fl-5"/>
      </object_component>
      <object_component id="oc-548">
         <name>.text:hal_Timing_Init</name>
         <load_address>0x11de8</load_address>
         <run_address>0x11de8</run_address>
         <size>0x18</size>
         <input_file_ref idref="fl-9"/>
      </object_component>
      <object_component id="oc-442">
         <name>.text</name>
         <load_address>0x11e00</load_address>
         <run_address>0x11e00</run_address>
         <size>0x18</size>
         <input_file_ref idref="fl-48"/>
      </object_component>
      <object_component id="oc-497">
         <name>.text:InitGPIO</name>
         <load_address>0x11e18</load_address>
         <run_address>0x11e18</run_address>
         <size>0x16</size>
         <input_file_ref idref="fl-6"/>
      </object_component>
      <object_component id="oc-72f">
         <name>.text:LogStr</name>
         <load_address>0x11e2e</load_address>
         <run_address>0x11e2e</run_address>
         <size>0x16</size>
         <input_file_ref idref="fl-7"/>
      </object_component>
      <object_component id="oc-3fe">
         <name>.text:hal_UART_ClearRxIF</name>
         <load_address>0x11e44</load_address>
         <run_address>0x11e44</run_address>
         <size>0x16</size>
         <input_file_ref idref="fl-4"/>
      </object_component>
      <object_component id="oc-642">
         <name>.text:hal_UART_Disable</name>
         <load_address>0x11e5a</load_address>
         <run_address>0x11e5a</run_address>
         <size>0x16</size>
         <input_file_ref idref="fl-4"/>
      </object_component>
      <object_component id="oc-481">
         <name>.text:hal_UART_DisableTxInterrupt</name>
         <load_address>0x11e70</load_address>
         <run_address>0x11e70</run_address>
         <size>0x16</size>
         <input_file_ref idref="fl-4"/>
      </object_component>
      <object_component id="oc-652">
         <name>.text:hal_UART_Enable</name>
         <load_address>0x11e86</load_address>
         <run_address>0x11e86</run_address>
         <size>0x16</size>
         <input_file_ref idref="fl-4"/>
      </object_component>
      <object_component id="oc-65e">
         <name>.text:hal_UART_EnableRxInterrupt</name>
         <load_address>0x11e9c</load_address>
         <run_address>0x11e9c</run_address>
         <size>0x16</size>
         <input_file_ref idref="fl-4"/>
      </object_component>
      <object_component id="oc-658">
         <name>.text:hal_UART_EnableTxInterrupt</name>
         <load_address>0x11eb2</load_address>
         <run_address>0x11eb2</run_address>
         <size>0x16</size>
         <input_file_ref idref="fl-4"/>
      </object_component>
      <object_component id="oc-46f">
         <name>.text:hal_UART_TxByte</name>
         <load_address>0x11ec8</load_address>
         <run_address>0x11ec8</run_address>
         <size>0x16</size>
         <input_file_ref idref="fl-4"/>
      </object_component>
      <object_component id="oc-744">
         <name>.text</name>
         <load_address>0x11ede</load_address>
         <run_address>0x11ede</run_address>
         <size>0x16</size>
         <input_file_ref idref="fl-2b"/>
      </object_component>
      <object_component id="oc-63a">
         <name>.text:Timing_Roll</name>
         <load_address>0x11ef4</load_address>
         <run_address>0x11ef4</run_address>
         <size>0x14</size>
         <input_file_ref idref="fl-9"/>
      </object_component>
      <object_component id="oc-38c">
         <name>.text:memcpy</name>
         <load_address>0x11f08</load_address>
         <run_address>0x11f08</run_address>
         <size>0x14</size>
         <input_file_ref idref="fl-5b"/>
      </object_component>
      <object_component id="oc-73">
         <name>.text:decompress:none:__TI_decompress_none</name>
         <load_address>0x11f1c</load_address>
         <run_address>0x11f1c</run_address>
         <size>0x12</size>
         <input_file_ref idref="fl-55"/>
      </object_component>
      <object_component id="oc-788">
         <name>.text:tolower</name>
         <load_address>0x11f2e</load_address>
         <run_address>0x11f2e</run_address>
         <size>0x12</size>
         <input_file_ref idref="fl-5e"/>
      </object_component>
      <object_component id="oc-567">
         <name>.text:IdentifyTask</name>
         <load_address>0x11f40</load_address>
         <run_address>0x11f40</run_address>
         <size>0xe</size>
         <input_file_ref idref="fl-8"/>
      </object_component>
      <object_component id="oc-5d8">
         <name>.text:List_UnlinkFirst</name>
         <load_address>0x11f4e</load_address>
         <run_address>0x11f4e</run_address>
         <size>0xc</size>
         <input_file_ref idref="fl-5"/>
      </object_component>
      <object_component id="oc-5c5">
         <name>.text:TimeNow</name>
         <load_address>0x11f5a</load_address>
         <run_address>0x11f5a</run_address>
         <size>0xa</size>
         <input_file_ref idref="fl-9"/>
      </object_component>
      <object_component id="oc-456">
         <name>.text</name>
         <load_address>0x11f64</load_address>
         <run_address>0x11f64</run_address>
         <size>0xa</size>
         <input_file_ref idref="fl-45"/>
      </object_component>
      <object_component id="oc-56d">
         <name>.text:List_SetIdentifyFunction</name>
         <load_address>0x11f6e</load_address>
         <run_address>0x11f6e</run_address>
         <size>0x6</size>
         <input_file_ref idref="fl-5"/>
      </object_component>
      <object_component id="oc-561">
         <name>.text:List_SetSortFunction</name>
         <load_address>0x11f74</load_address>
         <run_address>0x11f74</run_address>
         <size>0x6</size>
         <input_file_ref idref="fl-5"/>
      </object_component>
      <object_component id="oc-4af">
         <name>.text:Log_EchoOn</name>
         <load_address>0x11f7a</load_address>
         <run_address>0x11f7a</run_address>
         <size>0x6</size>
         <input_file_ref idref="fl-7"/>
      </object_component>
      <object_component id="oc-4db">
         <name>.text:abort</name>
         <load_address>0x11f80</load_address>
         <run_address>0x11f80</run_address>
         <size>0x6</size>
         <input_file_ref idref="fl-58"/>
      </object_component>
      <object_component id="oc-47b">
         <name>.text:Buffer_GetSize</name>
         <load_address>0x11f86</load_address>
         <run_address>0x11f86</run_address>
         <size>0x4</size>
         <input_file_ref idref="fl-2"/>
      </object_component>
      <object_component id="oc-417">
         <name>.text:_system_pre_init</name>
         <load_address>0x11f8a</load_address>
         <run_address>0x11f8a</run_address>
         <size>0x4</size>
         <input_file_ref idref="fl-53"/>
      </object_component>
      <object_component id="oc-5fd">
         <name>.text:_system_post_cinit</name>
         <load_address>0x11f8e</load_address>
         <run_address>0x11f8e</run_address>
         <size>0x2</size>
         <input_file_ref idref="fl-54"/>
      </object_component>
      <object_component id="oc-3bc">
         <name>.text:_isr:_c_int00_noargs</name>
         <load_address>0x4400</load_address>
         <run_address>0x4400</run_address>
         <size>0x1c</size>
         <input_file_ref idref="fl-4e"/>
      </object_component>
      <object_component id="oc-39e">
         <name>.text:_isr:_UART1_ISR</name>
         <load_address>0x441c</load_address>
         <run_address>0x441c</run_address>
         <size>0x18</size>
         <input_file_ref idref="fl-4"/>
      </object_component>
      <object_component id="oc-3a4">
         <name>.text:_isr:TIMER0_A0_ISR</name>
         <load_address>0x4434</load_address>
         <run_address>0x4434</run_address>
         <size>0xe</size>
         <input_file_ref idref="fl-9"/>
      </object_component>
      <object_component id="oc-399">
         <name>.text:_isr:__TI_ISR_TRAP</name>
         <load_address>0x4442</load_address>
         <run_address>0x4442</run_address>
         <size>0x8</size>
         <input_file_ref idref="fl-44"/>
      </object_component>
      <object_component id="oc-820">
         <name>.cinit..data.load</name>
         <load_address>0x4660</load_address>
         <run_address>0x4660</run_address>
         <size>0x19</size>
      </object_component>
      <object_component id="oc-81d">
         <name>__TI_handler_table</name>
         <load_address>0x467a</load_address>
         <run_address>0x467a</run_address>
         <size>0xc</size>
      </object_component>
      <object_component id="oc-81f">
         <name>.cinit..bss.load</name>
         <load_address>0x4686</load_address>
         <run_address>0x4686</run_address>
         <size>0x6</size>
      </object_component>
      <object_component id="oc-81e">
         <name>__TI_cinit_table</name>
         <load_address>0x468c</load_address>
         <run_address>0x468c</run_address>
         <size>0x10</size>
      </object_component>
      <object_component id="oc-7a0">
         <name>.const:.string:_ctypes_</name>
         <load_address>0x444a</load_address>
         <run_address>0x444a</run_address>
         <size>0x101</size>
         <input_file_ref idref="fl-62"/>
      </object_component>
      <object_component id="oc-678">
         <name>.const:.string</name>
         <load_address>0x454c</load_address>
         <run_address>0x454c</run_address>
         <size>0xc4</size>
         <input_file_ref idref="fl-7"/>
      </object_component>
      <object_component id="oc-4b8">
         <name>.const:.string</name>
         <load_address>0x4610</load_address>
         <run_address>0x4610</run_address>
         <size>0x4c</size>
         <input_file_ref idref="fl-6"/>
      </object_component>
      <object_component id="oc-4b5">
         <name>.const:$P$T1$1</name>
         <load_address>0x465c</load_address>
         <run_address>0x465c</run_address>
         <size>0x4</size>
         <input_file_ref idref="fl-6"/>
      </object_component>
      <object_component id="oc-7af">
         <name>.binit</name>
         <load_address>0x4400</load_address>
         <run_address>0x4400</run_address>
         <size>0x0</size>
      </object_component>
      <object_component id="oc-79">
         <name>.int41</name>
         <load_address>0xffd2</load_address>
         <run_address>0xffd2</run_address>
         <size>0x2</size>
         <input_file_ref idref="fl-30"/>
      </object_component>
      <object_component id="oc-7a">
         <name>.int42</name>
         <load_address>0xffd4</load_address>
         <run_address>0xffd4</run_address>
         <size>0x2</size>
         <input_file_ref idref="fl-31"/>
      </object_component>
      <object_component id="oc-7b">
         <name>.int43</name>
         <load_address>0xffd6</load_address>
         <run_address>0xffd6</run_address>
         <size>0x2</size>
         <input_file_ref idref="fl-32"/>
      </object_component>
      <object_component id="oc-7c">
         <name>.int44</name>
         <load_address>0xffd8</load_address>
         <run_address>0xffd8</run_address>
         <size>0x2</size>
         <input_file_ref idref="fl-33"/>
      </object_component>
      <object_component id="oc-7d">
         <name>.int45</name>
         <load_address>0xffda</load_address>
         <run_address>0xffda</run_address>
         <size>0x2</size>
         <input_file_ref idref="fl-34"/>
      </object_component>
      <object_component id="oc-7e">
         <name>.int46</name>
         <load_address>0xffdc</load_address>
         <run_address>0xffdc</run_address>
         <size>0x2</size>
         <input_file_ref idref="fl-4"/>
      </object_component>
      <object_component id="oc-7f">
         <name>.int47</name>
         <load_address>0xffde</load_address>
         <run_address>0xffde</run_address>
         <size>0x2</size>
         <input_file_ref idref="fl-35"/>
      </object_component>
      <object_component id="oc-80">
         <name>.int48</name>
         <load_address>0xffe0</load_address>
         <run_address>0xffe0</run_address>
         <size>0x2</size>
         <input_file_ref idref="fl-36"/>
      </object_component>
      <object_component id="oc-81">
         <name>.int49</name>
         <load_address>0xffe2</load_address>
         <run_address>0xffe2</run_address>
         <size>0x2</size>
         <input_file_ref idref="fl-37"/>
      </object_component>
      <object_component id="oc-82">
         <name>.int50</name>
         <load_address>0xffe4</load_address>
         <run_address>0xffe4</run_address>
         <size>0x2</size>
         <input_file_ref idref="fl-38"/>
      </object_component>
      <object_component id="oc-83">
         <name>.int51</name>
         <load_address>0xffe6</load_address>
         <run_address>0xffe6</run_address>
         <size>0x2</size>
         <input_file_ref idref="fl-39"/>
      </object_component>
      <object_component id="oc-84">
         <name>.int52</name>
         <load_address>0xffe8</load_address>
         <run_address>0xffe8</run_address>
         <size>0x2</size>
         <input_file_ref idref="fl-3a"/>
      </object_component>
      <object_component id="oc-85">
         <name>.int53</name>
         <load_address>0xffea</load_address>
         <run_address>0xffea</run_address>
         <size>0x2</size>
         <input_file_ref idref="fl-9"/>
      </object_component>
      <object_component id="oc-86">
         <name>.int54</name>
         <load_address>0xffec</load_address>
         <run_address>0xffec</run_address>
         <size>0x2</size>
         <input_file_ref idref="fl-3b"/>
      </object_component>
      <object_component id="oc-87">
         <name>.int55</name>
         <load_address>0xffee</load_address>
         <run_address>0xffee</run_address>
         <size>0x2</size>
         <input_file_ref idref="fl-3c"/>
      </object_component>
      <object_component id="oc-88">
         <name>.int56</name>
         <load_address>0xfff0</load_address>
         <run_address>0xfff0</run_address>
         <size>0x2</size>
         <input_file_ref idref="fl-3d"/>
      </object_component>
      <object_component id="oc-89">
         <name>.int57</name>
         <load_address>0xfff2</load_address>
         <run_address>0xfff2</run_address>
         <size>0x2</size>
         <input_file_ref idref="fl-3e"/>
      </object_component>
      <object_component id="oc-8a">
         <name>.int58</name>
         <load_address>0xfff4</load_address>
         <run_address>0xfff4</run_address>
         <size>0x2</size>
         <input_file_ref idref="fl-3f"/>
      </object_component>
      <object_component id="oc-8b">
         <name>.int59</name>
         <load_address>0xfff6</load_address>
         <run_address>0xfff6</run_address>
         <size>0x2</size>
         <input_file_ref idref="fl-40"/>
      </object_component>
      <object_component id="oc-8c">
         <name>.int60</name>
         <load_address>0xfff8</load_address>
         <run_address>0xfff8</run_address>
         <size>0x2</size>
         <input_file_ref idref="fl-41"/>
      </object_component>
      <object_component id="oc-8d">
         <name>.int61</name>
         <load_address>0xfffa</load_address>
         <run_address>0xfffa</run_address>
         <size>0x2</size>
         <input_file_ref idref="fl-42"/>
      </object_component>
      <object_component id="oc-8e">
         <name>.int62</name>
         <load_address>0xfffc</load_address>
         <run_address>0xfffc</run_address>
         <size>0x2</size>
         <input_file_ref idref="fl-43"/>
      </object_component>
      <object_component id="oc-380">
         <name>.reset</name>
         <load_address>0xfffe</load_address>
         <run_address>0xfffe</run_address>
         <size>0x2</size>
         <input_file_ref idref="fl-4e"/>
      </object_component>
      <object_component id="oc-538">
         <name>.debug_info</name>
         <load_address>0x0</load_address>
         <run_address>0x0</run_address>
         <size>0x2c2</size>
         <input_file_ref idref="fl-2"/>
      </object_component>
      <object_component id="oc-58d">
         <name>.debug_info</name>
         <load_address>0x2c2</load_address>
         <run_address>0x2c2</run_address>
         <size>0x1fa</size>
         <input_file_ref idref="fl-2"/>
      </object_component>
      <object_component id="oc-47c">
         <name>.debug_info</name>
         <load_address>0x4bc</load_address>
         <run_address>0x4bc</run_address>
         <size>0x198</size>
         <input_file_ref idref="fl-2"/>
      </object_component>
      <object_component id="oc-451">
         <name>.debug_info</name>
         <load_address>0x654</load_address>
         <run_address>0x654</run_address>
         <size>0x1f4</size>
         <input_file_ref idref="fl-2"/>
      </object_component>
      <object_component id="oc-46a">
         <name>.debug_info</name>
         <load_address>0x848</load_address>
         <run_address>0x848</run_address>
         <size>0x1be</size>
         <input_file_ref idref="fl-2"/>
      </object_component>
      <object_component id="oc-51d">
         <name>.debug_info</name>
         <load_address>0xa06</load_address>
         <run_address>0xa06</run_address>
         <size>0xd6</size>
         <input_file_ref idref="fl-2"/>
      </object_component>
      <object_component id="oc-48f">
         <name>.debug_info</name>
         <load_address>0xadc</load_address>
         <run_address>0xadc</run_address>
         <size>0x26b</size>
         <input_file_ref idref="fl-2"/>
      </object_component>
      <object_component id="oc-48a">
         <name>.debug_info</name>
         <load_address>0xd47</load_address>
         <run_address>0xd47</run_address>
         <size>0x757</size>
         <input_file_ref idref="fl-2"/>
      </object_component>
      <object_component id="oc-5a4">
         <name>.debug_info</name>
         <load_address>0x149e</load_address>
         <run_address>0x149e</run_address>
         <size>0xb1</size>
         <input_file_ref idref="fl-2"/>
      </object_component>
      <object_component id="oc-387">
         <name>.debug_info</name>
         <load_address>0x154f</load_address>
         <run_address>0x154f</run_address>
         <size>0x84</size>
         <input_file_ref idref="fl-2"/>
      </object_component>
      <object_component id="oc-53b">
         <name>.debug_info</name>
         <load_address>0x15d3</load_address>
         <run_address>0x15d3</run_address>
         <size>0x275</size>
         <input_file_ref idref="fl-2"/>
      </object_component>
      <object_component id="oc-463">
         <name>.debug_info</name>
         <load_address>0x1848</load_address>
         <run_address>0x1848</run_address>
         <size>0xbb</size>
         <input_file_ref idref="fl-2"/>
      </object_component>
      <object_component id="oc-3f0">
         <name>.debug_info</name>
         <load_address>0x1903</load_address>
         <run_address>0x1903</run_address>
         <size>0x2c</size>
         <input_file_ref idref="fl-2"/>
      </object_component>
      <object_component id="oc-6ba">
         <name>.debug_info</name>
         <load_address>0x192f</load_address>
         <run_address>0x192f</run_address>
         <size>0x28d</size>
         <input_file_ref idref="fl-3"/>
      </object_component>
      <object_component id="oc-68a">
         <name>.debug_info</name>
         <load_address>0x1bbc</load_address>
         <run_address>0x1bbc</run_address>
         <size>0x214</size>
         <input_file_ref idref="fl-3"/>
      </object_component>
      <object_component id="oc-697">
         <name>.debug_info</name>
         <load_address>0x1dd0</load_address>
         <run_address>0x1dd0</run_address>
         <size>0x215</size>
         <input_file_ref idref="fl-3"/>
      </object_component>
      <object_component id="oc-691">
         <name>.debug_info</name>
         <load_address>0x1fe5</load_address>
         <run_address>0x1fe5</run_address>
         <size>0x1e2</size>
         <input_file_ref idref="fl-3"/>
      </object_component>
      <object_component id="oc-69d">
         <name>.debug_info</name>
         <load_address>0x21c7</load_address>
         <run_address>0x21c7</run_address>
         <size>0x209</size>
         <input_file_ref idref="fl-3"/>
      </object_component>
      <object_component id="oc-6a2">
         <name>.debug_info</name>
         <load_address>0x23d0</load_address>
         <run_address>0x23d0</run_address>
         <size>0x1c8</size>
         <input_file_ref idref="fl-3"/>
      </object_component>
      <object_component id="oc-6a8">
         <name>.debug_info</name>
         <load_address>0x2598</load_address>
         <run_address>0x2598</run_address>
         <size>0x1d8</size>
         <input_file_ref idref="fl-3"/>
      </object_component>
      <object_component id="oc-6b4">
         <name>.debug_info</name>
         <load_address>0x2770</load_address>
         <run_address>0x2770</run_address>
         <size>0x2a2</size>
         <input_file_ref idref="fl-3"/>
      </object_component>
      <object_component id="oc-5ac">
         <name>.debug_info</name>
         <load_address>0x2a12</load_address>
         <run_address>0x2a12</run_address>
         <size>0x30d</size>
         <input_file_ref idref="fl-3"/>
      </object_component>
      <object_component id="oc-52c">
         <name>.debug_info</name>
         <load_address>0x2d1f</load_address>
         <run_address>0x2d1f</run_address>
         <size>0x2c</size>
         <input_file_ref idref="fl-3"/>
      </object_component>
      <object_component id="oc-61e">
         <name>.debug_info</name>
         <load_address>0x2d4b</load_address>
         <run_address>0x2d4b</run_address>
         <size>0x4dd</size>
         <input_file_ref idref="fl-4"/>
      </object_component>
      <object_component id="oc-6bc">
         <name>.debug_info</name>
         <load_address>0x3228</load_address>
         <run_address>0x3228</run_address>
         <size>0x1f5</size>
         <input_file_ref idref="fl-4"/>
      </object_component>
      <object_component id="oc-470">
         <name>.debug_info</name>
         <load_address>0x341d</load_address>
         <run_address>0x341d</run_address>
         <size>0x1ef</size>
         <input_file_ref idref="fl-4"/>
      </object_component>
      <object_component id="oc-476">
         <name>.debug_info</name>
         <load_address>0x360c</load_address>
         <run_address>0x360c</run_address>
         <size>0x1ed</size>
         <input_file_ref idref="fl-4"/>
      </object_component>
      <object_component id="oc-44b">
         <name>.debug_info</name>
         <load_address>0x37f9</load_address>
         <run_address>0x37f9</run_address>
         <size>0x1dd</size>
         <input_file_ref idref="fl-4"/>
      </object_component>
      <object_component id="oc-643">
         <name>.debug_info</name>
         <load_address>0x39d6</load_address>
         <run_address>0x39d6</run_address>
         <size>0x1db</size>
         <input_file_ref idref="fl-4"/>
      </object_component>
      <object_component id="oc-653">
         <name>.debug_info</name>
         <load_address>0x3bb1</load_address>
         <run_address>0x3bb1</run_address>
         <size>0x1d9</size>
         <input_file_ref idref="fl-4"/>
      </object_component>
      <object_component id="oc-659">
         <name>.debug_info</name>
         <load_address>0x3d8a</load_address>
         <run_address>0x3d8a</run_address>
         <size>0x1ef</size>
         <input_file_ref idref="fl-4"/>
      </object_component>
      <object_component id="oc-65f">
         <name>.debug_info</name>
         <load_address>0x3f79</load_address>
         <run_address>0x3f79</run_address>
         <size>0x1ef</size>
         <input_file_ref idref="fl-4"/>
      </object_component>
      <object_component id="oc-584">
         <name>.debug_info</name>
         <load_address>0x4168</load_address>
         <run_address>0x4168</run_address>
         <size>0x445</size>
         <input_file_ref idref="fl-4"/>
      </object_component>
      <object_component id="oc-482">
         <name>.debug_info</name>
         <load_address>0x45ad</load_address>
         <run_address>0x45ad</run_address>
         <size>0x1f1</size>
         <input_file_ref idref="fl-4"/>
      </object_component>
      <object_component id="oc-45d">
         <name>.debug_info</name>
         <load_address>0x479e</load_address>
         <run_address>0x479e</run_address>
         <size>0x1eb</size>
         <input_file_ref idref="fl-4"/>
      </object_component>
      <object_component id="oc-3ff">
         <name>.debug_info</name>
         <load_address>0x4989</load_address>
         <run_address>0x4989</run_address>
         <size>0x1df</size>
         <input_file_ref idref="fl-4"/>
      </object_component>
      <object_component id="oc-39f">
         <name>.debug_info</name>
         <load_address>0x4b68</load_address>
         <run_address>0x4b68</run_address>
         <size>0x1e7</size>
         <input_file_ref idref="fl-4"/>
      </object_component>
      <object_component id="oc-531">
         <name>.debug_info</name>
         <load_address>0x4d4f</load_address>
         <run_address>0x4d4f</run_address>
         <size>0x39</size>
         <input_file_ref idref="fl-4"/>
      </object_component>
      <object_component id="oc-66f">
         <name>.debug_info</name>
         <load_address>0x4d88</load_address>
         <run_address>0x4d88</run_address>
         <size>0x5a</size>
         <input_file_ref idref="fl-4"/>
      </object_component>
      <object_component id="oc-527">
         <name>.debug_info</name>
         <load_address>0x4de2</load_address>
         <run_address>0x4de2</run_address>
         <size>0x5a</size>
         <input_file_ref idref="fl-4"/>
      </object_component>
      <object_component id="oc-62f">
         <name>.debug_info</name>
         <load_address>0x4e3c</load_address>
         <run_address>0x4e3c</run_address>
         <size>0x2e1</size>
         <input_file_ref idref="fl-5"/>
      </object_component>
      <object_component id="oc-6e8">
         <name>.debug_info</name>
         <load_address>0x511d</load_address>
         <run_address>0x511d</run_address>
         <size>0x1af</size>
         <input_file_ref idref="fl-5"/>
      </object_component>
      <object_component id="oc-6ef">
         <name>.debug_info</name>
         <load_address>0x52cc</load_address>
         <run_address>0x52cc</run_address>
         <size>0x1fa</size>
         <input_file_ref idref="fl-5"/>
      </object_component>
      <object_component id="oc-5db">
         <name>.debug_info</name>
         <load_address>0x54c6</load_address>
         <run_address>0x54c6</run_address>
         <size>0x1ab</size>
         <input_file_ref idref="fl-5"/>
      </object_component>
      <object_component id="oc-564">
         <name>.debug_info</name>
         <load_address>0x5671</load_address>
         <run_address>0x5671</run_address>
         <size>0x1c0</size>
         <input_file_ref idref="fl-5"/>
      </object_component>
      <object_component id="oc-570">
         <name>.debug_info</name>
         <load_address>0x5831</load_address>
         <run_address>0x5831</run_address>
         <size>0x1d8</size>
         <input_file_ref idref="fl-5"/>
      </object_component>
      <object_component id="oc-6e0">
         <name>.debug_info</name>
         <load_address>0x5a09</load_address>
         <run_address>0x5a09</run_address>
         <size>0x20f</size>
         <input_file_ref idref="fl-5"/>
      </object_component>
      <object_component id="oc-5e1">
         <name>.debug_info</name>
         <load_address>0x5c18</load_address>
         <run_address>0x5c18</run_address>
         <size>0x1c7</size>
         <input_file_ref idref="fl-5"/>
      </object_component>
      <object_component id="oc-5e7">
         <name>.debug_info</name>
         <load_address>0x5ddf</load_address>
         <run_address>0x5ddf</run_address>
         <size>0x22f</size>
         <input_file_ref idref="fl-5"/>
      </object_component>
      <object_component id="oc-5cf">
         <name>.debug_info</name>
         <load_address>0x600e</load_address>
         <run_address>0x600e</run_address>
         <size>0x1e5</size>
         <input_file_ref idref="fl-5"/>
      </object_component>
      <object_component id="oc-558">
         <name>.debug_info</name>
         <load_address>0x61f3</load_address>
         <run_address>0x61f3</run_address>
         <size>0x2c9</size>
         <input_file_ref idref="fl-5"/>
      </object_component>
      <object_component id="oc-637">
         <name>.debug_info</name>
         <load_address>0x64bc</load_address>
         <run_address>0x64bc</run_address>
         <size>0x1ac</size>
         <input_file_ref idref="fl-5"/>
      </object_component>
      <object_component id="oc-5d4">
         <name>.debug_info</name>
         <load_address>0x6668</load_address>
         <run_address>0x6668</run_address>
         <size>0x188</size>
         <input_file_ref idref="fl-5"/>
      </object_component>
      <object_component id="oc-774">
         <name>.debug_info</name>
         <load_address>0x67f0</load_address>
         <run_address>0x67f0</run_address>
         <size>0x200</size>
         <input_file_ref idref="fl-5"/>
      </object_component>
      <object_component id="oc-6d7">
         <name>.debug_info</name>
         <load_address>0x69f0</load_address>
         <run_address>0x69f0</run_address>
         <size>0x1b4</size>
         <input_file_ref idref="fl-5"/>
      </object_component>
      <object_component id="oc-5c1">
         <name>.debug_info</name>
         <load_address>0x6ba4</load_address>
         <run_address>0x6ba4</run_address>
         <size>0x1c8</size>
         <input_file_ref idref="fl-5"/>
      </object_component>
      <object_component id="oc-629">
         <name>.debug_info</name>
         <load_address>0x6d6c</load_address>
         <run_address>0x6d6c</run_address>
         <size>0x19b</size>
         <input_file_ref idref="fl-5"/>
      </object_component>
      <object_component id="oc-59c">
         <name>.debug_info</name>
         <load_address>0x6f07</load_address>
         <run_address>0x6f07</run_address>
         <size>0x498</size>
         <input_file_ref idref="fl-6"/>
      </object_component>
      <object_component id="oc-4c0">
         <name>.debug_info</name>
         <load_address>0x739f</load_address>
         <run_address>0x739f</run_address>
         <size>0xcc</size>
         <input_file_ref idref="fl-6"/>
      </object_component>
      <object_component id="oc-4b6">
         <name>.debug_info</name>
         <load_address>0x746b</load_address>
         <run_address>0x746b</run_address>
         <size>0xce</size>
         <input_file_ref idref="fl-6"/>
      </object_component>
      <object_component id="oc-498">
         <name>.debug_info</name>
         <load_address>0x7539</load_address>
         <run_address>0x7539</run_address>
         <size>0xfb</size>
         <input_file_ref idref="fl-6"/>
      </object_component>
      <object_component id="oc-41e">
         <name>.debug_info</name>
         <load_address>0x7634</load_address>
         <run_address>0x7634</run_address>
         <size>0x1a3</size>
         <input_file_ref idref="fl-6"/>
      </object_component>
      <object_component id="oc-4c9">
         <name>.debug_info</name>
         <load_address>0x77d7</load_address>
         <run_address>0x77d7</run_address>
         <size>0x149</size>
         <input_file_ref idref="fl-6"/>
      </object_component>
      <object_component id="oc-597">
         <name>.debug_info</name>
         <load_address>0x7920</load_address>
         <run_address>0x7920</run_address>
         <size>0x45e</size>
         <input_file_ref idref="fl-7"/>
      </object_component>
      <object_component id="oc-738">
         <name>.debug_info</name>
         <load_address>0x7d7e</load_address>
         <run_address>0x7d7e</run_address>
         <size>0x100</size>
         <input_file_ref idref="fl-7"/>
      </object_component>
      <object_component id="oc-76d">
         <name>.debug_info</name>
         <load_address>0x7e7e</load_address>
         <run_address>0x7e7e</run_address>
         <size>0xfe</size>
         <input_file_ref idref="fl-7"/>
      </object_component>
      <object_component id="oc-730">
         <name>.debug_info</name>
         <load_address>0x7f7c</load_address>
         <run_address>0x7f7c</run_address>
         <size>0x187</size>
         <input_file_ref idref="fl-7"/>
      </object_component>
      <object_component id="oc-767">
         <name>.debug_info</name>
         <load_address>0x8103</load_address>
         <run_address>0x8103</run_address>
         <size>0x1e7</size>
         <input_file_ref idref="fl-7"/>
      </object_component>
      <object_component id="oc-6c3">
         <name>.debug_info</name>
         <load_address>0x82ea</load_address>
         <run_address>0x82ea</run_address>
         <size>0x20b</size>
         <input_file_ref idref="fl-7"/>
      </object_component>
      <object_component id="oc-5b9">
         <name>.debug_info</name>
         <load_address>0x84f5</load_address>
         <run_address>0x84f5</run_address>
         <size>0x250</size>
         <input_file_ref idref="fl-7"/>
      </object_component>
      <object_component id="oc-67a">
         <name>.debug_info</name>
         <load_address>0x8745</load_address>
         <run_address>0x8745</run_address>
         <size>0x3bd</size>
         <input_file_ref idref="fl-7"/>
      </object_component>
      <object_component id="oc-59e">
         <name>.debug_info</name>
         <load_address>0x8b02</load_address>
         <run_address>0x8b02</run_address>
         <size>0x1e0</size>
         <input_file_ref idref="fl-7"/>
      </object_component>
      <object_component id="oc-4ba">
         <name>.debug_info</name>
         <load_address>0x8ce2</load_address>
         <run_address>0x8ce2</run_address>
         <size>0x280</size>
         <input_file_ref idref="fl-7"/>
      </object_component>
      <object_component id="oc-73b">
         <name>.debug_info</name>
         <load_address>0x8f62</load_address>
         <run_address>0x8f62</run_address>
         <size>0x1fe</size>
         <input_file_ref idref="fl-7"/>
      </object_component>
      <object_component id="oc-675">
         <name>.debug_info</name>
         <load_address>0x9160</load_address>
         <run_address>0x9160</run_address>
         <size>0x1fb</size>
         <input_file_ref idref="fl-7"/>
      </object_component>
      <object_component id="oc-4b0">
         <name>.debug_info</name>
         <load_address>0x935b</load_address>
         <run_address>0x935b</run_address>
         <size>0x16e</size>
         <input_file_ref idref="fl-7"/>
      </object_component>
      <object_component id="oc-668">
         <name>.debug_info</name>
         <load_address>0x94c9</load_address>
         <run_address>0x94c9</run_address>
         <size>0x143</size>
         <input_file_ref idref="fl-7"/>
      </object_component>
      <object_component id="oc-551">
         <name>.debug_info</name>
         <load_address>0x960c</load_address>
         <run_address>0x960c</run_address>
         <size>0x69e</size>
         <input_file_ref idref="fl-8"/>
      </object_component>
      <object_component id="oc-575">
         <name>.debug_info</name>
         <load_address>0x9caa</load_address>
         <run_address>0x9caa</run_address>
         <size>0x1c7</size>
         <input_file_ref idref="fl-8"/>
      </object_component>
      <object_component id="oc-568">
         <name>.debug_info</name>
         <load_address>0x9e71</load_address>
         <run_address>0x9e71</run_address>
         <size>0x1bf</size>
         <input_file_ref idref="fl-8"/>
      </object_component>
      <object_component id="oc-55c">
         <name>.debug_info</name>
         <load_address>0xa030</load_address>
         <run_address>0xa030</run_address>
         <size>0x187</size>
         <input_file_ref idref="fl-8"/>
      </object_component>
      <object_component id="oc-4d5">
         <name>.debug_info</name>
         <load_address>0xa1b7</load_address>
         <run_address>0xa1b7</run_address>
         <size>0x22a</size>
         <input_file_ref idref="fl-8"/>
      </object_component>
      <object_component id="oc-4cf">
         <name>.debug_info</name>
         <load_address>0xa3e1</load_address>
         <run_address>0xa3e1</run_address>
         <size>0x24c</size>
         <input_file_ref idref="fl-8"/>
      </object_component>
      <object_component id="oc-4a4">
         <name>.debug_info</name>
         <load_address>0xa62d</load_address>
         <run_address>0xa62d</run_address>
         <size>0x1eb</size>
         <input_file_ref idref="fl-8"/>
      </object_component>
      <object_component id="oc-624">
         <name>.debug_info</name>
         <load_address>0xa818</load_address>
         <run_address>0xa818</run_address>
         <size>0x86</size>
         <input_file_ref idref="fl-8"/>
      </object_component>
      <object_component id="oc-40c">
         <name>.debug_info</name>
         <load_address>0xa89e</load_address>
         <run_address>0xa89e</run_address>
         <size>0x2ea</size>
         <input_file_ref idref="fl-9"/>
      </object_component>
      <object_component id="oc-54a">
         <name>.debug_info</name>
         <load_address>0xab88</load_address>
         <run_address>0xab88</run_address>
         <size>0x19a</size>
         <input_file_ref idref="fl-9"/>
      </object_component>
      <object_component id="oc-63c">
         <name>.debug_info</name>
         <load_address>0xad22</load_address>
         <run_address>0xad22</run_address>
         <size>0x164</size>
         <input_file_ref idref="fl-9"/>
      </object_component>
      <object_component id="oc-49e">
         <name>.debug_info</name>
         <load_address>0xae86</load_address>
         <run_address>0xae86</run_address>
         <size>0x19b</size>
         <input_file_ref idref="fl-9"/>
      </object_component>
      <object_component id="oc-5c6">
         <name>.debug_info</name>
         <load_address>0xb021</load_address>
         <run_address>0xb021</run_address>
         <size>0x160</size>
         <input_file_ref idref="fl-9"/>
      </object_component>
      <object_component id="oc-3a5">
         <name>.debug_info</name>
         <load_address>0xb181</load_address>
         <run_address>0xb181</run_address>
         <size>0x197</size>
         <input_file_ref idref="fl-9"/>
      </object_component>
      <object_component id="oc-448">
         <name>.debug_info</name>
         <load_address>0xb318</load_address>
         <run_address>0xb318</run_address>
         <size>0x814</size>
         <input_file_ref idref="fl-a"/>
      </object_component>
      <object_component id="oc-5b3">
         <name>.debug_info</name>
         <load_address>0xbb2c</load_address>
         <run_address>0xbb2c</run_address>
         <size>0x25b</size>
         <input_file_ref idref="fl-a"/>
      </object_component>
      <object_component id="oc-6ca">
         <name>.debug_info</name>
         <load_address>0xbd87</load_address>
         <run_address>0xbd87</run_address>
         <size>0x20e</size>
         <input_file_ref idref="fl-a"/>
      </object_component>
      <object_component id="oc-4c4">
         <name>.debug_info</name>
         <load_address>0xbf95</load_address>
         <run_address>0xbf95</run_address>
         <size>0x1ee</size>
         <input_file_ref idref="fl-a"/>
      </object_component>
      <object_component id="oc-6d0">
         <name>.debug_info</name>
         <load_address>0xc183</load_address>
         <run_address>0xc183</run_address>
         <size>0x1f4</size>
         <input_file_ref idref="fl-a"/>
      </object_component>
      <object_component id="oc-406">
         <name>.debug_info</name>
         <load_address>0xc377</load_address>
         <run_address>0xc377</run_address>
         <size>0x23f</size>
         <input_file_ref idref="fl-a"/>
      </object_component>
      <object_component id="oc-57e">
         <name>.debug_info</name>
         <load_address>0xc5b6</load_address>
         <run_address>0xc5b6</run_address>
         <size>0x2f1</size>
         <input_file_ref idref="fl-a"/>
      </object_component>
      <object_component id="oc-3fa">
         <name>.debug_info</name>
         <load_address>0xc8a7</load_address>
         <run_address>0xc8a7</run_address>
         <size>0x207</size>
         <input_file_ref idref="fl-a"/>
      </object_component>
      <object_component id="oc-684">
         <name>.debug_info</name>
         <load_address>0xcaae</load_address>
         <run_address>0xcaae</run_address>
         <size>0x1e6</size>
         <input_file_ref idref="fl-a"/>
      </object_component>
      <object_component id="oc-4ab">
         <name>.debug_info</name>
         <load_address>0xcc94</load_address>
[...]
      </symbol>
      <symbol id="sm-4bd">
         <name>hal_UART_TxByte</name>
         <value>0x11ec8</value>
         <object_component_ref idref="oc-46f"/>
      </symbol>
      <symbol id="sm-4be">
         <name>hal_UART_Init</name>
         <value>0x10254</value>
         <object_component_ref idref="oc-583"/>
      </symbol>
      <symbol id="sm-573">
         <name>List_GetNext</name>
         <value>0x11dd0</value>
         <object_component_ref idref="oc-634"/>
      </symbol>
      <symbol id="sm-574">
         <name>List_UnlinkFirst</name>
         <value>0x11f4e</value>
         <object_component_ref idref="oc-5d8"/>
      </symbol>
      <symbol id="sm-575">
         <name>List_SetIdentifyFunction</name>
         <value>0x11f6e</value>
         <object_component_ref idref="oc-56d"/>
      </symbol>
      <symbol id="sm-576">
         <name>List_Remove</name>
         <value>0x11d44</value>
         <object_component_ref idref="oc-5de"/>
      </symbol>
      <symbol id="sm-577">
         <name>List_GetFirst</name>
         <value>0x11ce4</value>
         <object_component_ref idref="oc-5d2"/>
      </symbol>
      <symbol id="sm-578">
         <name>List_Link</name>
         <value>0x10dca</value>
         <object_component_ref idref="oc-5cc"/>
      </symbol>
      <symbol id="sm-579">
         <name>List_AddIndirect</name>
         <value>0x1171a</value>
         <object_component_ref idref="oc-5bf"/>
      </symbol>
      <symbol id="sm-57a">
         <name>List_LinkItem</name>
         <value>0x10ae8</value>
         <object_component_ref idref="oc-5e4"/>
      </symbol>
      <symbol id="sm-57b">
         <name>List_SetSortFunction</name>
         <value>0x11f74</value>
         <object_component_ref idref="oc-561"/>
      </symbol>
      <symbol id="sm-57c">
         <name>List_Init</name>
         <value>0x1116c</value>
         <object_component_ref idref="oc-555"/>
      </symbol>
      <symbol id="sm-5aa">
         <name>BlinkLED</name>
         <value>0x118ae</value>
         <object_component_ref idref="oc-4c8"/>
      </symbol>
      <symbol id="sm-5ab">
         <name>main</name>
         <value>0x1104a</value>
         <object_component_ref idref="oc-41d"/>
      </symbol>
      <symbol id="sm-5ac">
         <name>InitGPIO</name>
         <value>0x11e18</value>
         <object_component_ref idref="oc-497"/>
      </symbol>
      <symbol id="sm-651">
         <name>sys</name>
         <value>0x2630</value>
      </symbol>
      <symbol id="sm-652">
         <name>Log_Header</name>
         <value>0x11942</value>
         <object_component_ref idref="oc-6c2"/>
      </symbol>
      <symbol id="sm-653">
         <name>Log_EchoOn</name>
         <value>0x11f7a</value>
         <object_component_ref idref="oc-4af"/>
      </symbol>
      <symbol id="sm-654">
         <name>Subsystem_Init</name>
         <value>0x11382</value>
         <object_component_ref idref="oc-4b9"/>
      </symbol>
      <symbol id="sm-655">
         <name>Subsystem_Write</name>
         <value>0x11612</value>
         <object_component_ref idref="oc-5b8"/>
      </symbol>
      <symbol id="sm-656">
         <name>LogStr</name>
         <value>0x11e2e</value>
         <object_component_ref idref="oc-72f"/>
      </symbol>
      <symbol id="sm-657">
         <name>Subsystem_GetName</name>
         <value>0x11bd0</value>
         <object_component_ref idref="oc-766"/>
      </symbol>
      <symbol id="sm-6a4">
         <name>task_list_array</name>
         <value>0x2400</value>
      </symbol>
      <symbol id="sm-6a5">
         <name>task_list_links</name>
         <value>0x2540</value>
      </symbol>
      <symbol id="sm-6a6">
         <name>task_list</name>
         <value>0x2782</value>
      </symbol>
      <symbol id="sm-6a7">
         <name>idle_task</name>
         <value>0x283e</value>
      </symbol>
      <symbol id="sm-6a8">
         <name>SystemTick</name>
         <value>0x10ba6</value>
         <object_component_ref idref="oc-4d4"/>
      </symbol>
      <symbol id="sm-6a9">
         <name>Task_Schedule</name>
         <value>0x118f8</value>
         <object_component_ref idref="oc-4ce"/>
      </symbol>
      <symbol id="sm-6aa">
         <name>Task_Init</name>
         <value>0x11474</value>
         <object_component_ref idref="oc-4a3"/>
      </symbol>
      <symbol id="sm-6d7">
         <name>time_ms</name>
         <value>0x2846</value>
      </symbol>
      <symbol id="sm-6d8">
         <name>rollover_time</name>
         <value>0x2842</value>
      </symbol>
      <symbol id="sm-6d9">
         <name>TimeNow</name>
         <value>0x11f5a</value>
         <object_component_ref idref="oc-5c5"/>
      </symbol>
      <symbol id="sm-6da">
         <name>__TI_int53</name>
         <value>0xffea</value>
         <object_component_ref idref="oc-85"/>
      </symbol>
      <symbol id="sm-6db">
         <name>Timing_Init</name>
         <value>0x11d62</value>
         <object_component_ref idref="oc-49d"/>
      </symbol>
      <symbol id="sm-6dc">
         <name>Timing_Roll</name>
         <value>0x11ef4</value>
         <object_component_ref idref="oc-63a"/>
      </symbol>
      <symbol id="sm-6dd">
         <name>hal_Timing_Init</name>
         <value>0x11de8</value>
         <object_component_ref idref="oc-548"/>
      </symbol>
      <symbol id="sm-6de">
         <name>TIMER0_A0_ISR</name>
         <value>0x4434</value>
         <object_component_ref idref="oc-3a4"/>
      </symbol>
      <symbol id="sm-74a">
         <name>rx1</name>
         <value>0x27f6</value>
      </symbol>
      <symbol id="sm-74b">
         <name>tx1</name>
         <value>0x2812</value>
      </symbol>
      <symbol id="sm-74c">
         <name>tx_buffer_array1</name>
         <value>0x26c2</value>
      </symbol>
      <symbol id="sm-74d">
         <name>rx_buffer_array1</name>
         <value>0x27d6</value>
      </symbol>
      <symbol id="sm-74e">
         <name>receiverList1</name>
         <value>0x282e</value>
      </symbol>
      <symbol id="sm-74f">
         <name>receiver_array1</name>
         <value>0x2836</value>
      </symbol>
      <symbol id="sm-750">
         <name>uart</name>
         <value>0x27b2</value>
      </symbol>
      <symbol id="sm-751">
         <name>rx_flags</name>
         <value>0x284e</value>
      </symbol>
      <symbol id="sm-752">
         <name>error_flags</name>
         <value>0x284d</value>
      </symbol>
      <symbol id="sm-753">
         <name>UART_Rx_Handler</name>
         <value>0x11a4c</value>
         <object_component_ref idref="oc-3f8"/>
      </symbol>
      <symbol id="sm-754">
         <name>UART_Tx_Handler</name>
         <value>0x11814</value>
         <object_component_ref idref="oc-404"/>
      </symbol>
      <symbol id="sm-755">
         <name>UART_printf</name>
         <value>0x11b70</value>
         <object_component_ref idref="oc-4c2"/>
      </symbol>
      <symbol id="sm-756">
         <name>UART_WriteByte</name>
         <value>0x11c50</value>
         <object_component_ref idref="oc-6ce"/>
      </symbol>
      <symbol id="sm-757">
         <name>UART_RegisterReceiver</name>
         <value>0x119ca</value>
         <object_component_ref idref="oc-682"/>
      </symbol>
      <symbol id="sm-758">
         <name>UART_vprintf</name>
         <value>0x11ba2</value>
         <object_component_ref idref="oc-6c8"/>
      </symbol>
      <symbol id="sm-759">
         <name>UART_Tick</name>
         <value>0x10604</value>
         <object_component_ref idref="oc-57c"/>
      </symbol>
      <symbol id="sm-75a">
         <name>UART_Init</name>
         <value>0x10f10</value>
         <object_component_ref idref="oc-4a9"/>
      </symbol>
      <symbol id="sm-764">
         <name>__mspabi_remu</name>
         <value>0x11ede</value>
         <object_component_ref idref="oc-744"/>
      </symbol>
      <symbol id="sm-765">
         <name>__mspabi_divu</name>
         <value>0x11ede</value>
         <object_component_ref idref="oc-744"/>
      </symbol>
      <symbol id="sm-773">
         <name>__mspabi_remul</name>
         <value>0x1166c</value>
         <object_component_ref idref="oc-648"/>
      </symbol>
      <symbol id="sm-774">
         <name>__mspabi_divul</name>
         <value>0x1166c</value>
         <object_component_ref idref="oc-648"/>
      </symbol>
      <symbol id="sm-78b">
         <name>__mspabi_mpyf</name>
         <value>0x10c5e</value>
         <object_component_ref idref="oc-758"/>
      </symbol>
      <symbol id="sm-79d">
         <name>__mspabi_fixfi</name>
         <value>0x114e4</value>
         <object_component_ref idref="oc-753"/>
      </symbol>
      <symbol id="sm-7b0">
         <name>__mspabi_fixfli</name>
         <value>0x11304</value>
         <object_component_ref idref="oc-75d"/>
      </symbol>
      <symbol id="sm-7b3">
         <name>__TI_int41</name>
         <value>0xffd2</value>
         <object_component_ref idref="oc-79"/>
      </symbol>
      <symbol id="sm-7b6">
         <name>__TI_int42</name>
         <value>0xffd4</value>
         <object_component_ref idref="oc-7a"/>
      </symbol>
      <symbol id="sm-7b9">
         <name>__TI_int43</name>
         <value>0xffd6</value>
         <object_component_ref idref="oc-7b"/>
      </symbol>
      <symbol id="sm-7bc">
         <name>__TI_int44</name>
         <value>0xffd8</value>
         <object_component_ref idref="oc-7c"/>
      </symbol>
      <symbol id="sm-7bf">
         <name>__TI_int45</name>
         <value>0xffda</value>
         <object_component_ref idref="oc-7d"/>
      </symbol>
      <symbol id="sm-7c2">
         <name>__TI_int47</name>
         <value>0xffde</value>
         <object_component_ref idref="oc-7f"/>
      </symbol>
      <symbol id="sm-7c5">
         <name>__TI_int48</name>
         <value>0xffe0</value>
         <object_component_ref idref="oc-80"/>
      </symbol>
      <symbol id="sm-7c8">
         <name>__TI_int49</name>
         <value>0xffe2</value>
         <object_component_ref idref="oc-81"/>
      </symbol>
      <symbol id="sm-7cb">
         <name>__TI_int50</name>
         <value>0xffe4</value>
         <object_component_ref idref="oc-82"/>
      </symbol>
      <symbol id="sm-7ce">
         <name>__TI_int51</name>
         <value>0xffe6</value>
         <object_component_ref idref="oc-83"/>
      </symbol>
      <symbol id="sm-7d1">
         <name>__TI_int52</name>
         <value>0xffe8</value>
         <object_component_ref idref="oc-84"/>
      </symbol>
      <symbol id="sm-7d4">
         <name>__TI_int54</name>
         <value>0xffec</value>
         <object_component_ref idref="oc-86"/>
      </symbol>
      <symbol id="sm-7d7">
         <name>__TI_int55</name>
         <value>0xffee</value>
         <object_component_ref idref="oc-87"/>
      </symbol>
      <symbol id="sm-7da">
         <name>__TI_int56</name>
         <value>0xfff0</value>
         <object_component_ref idref="oc-88"/>
      </symbol>
      <symbol id="sm-7dd">
         <name>__TI_int57</name>
         <value>0xfff2</value>
         <object_component_ref idref="oc-89"/>
      </symbol>
      <symbol id="sm-7e0">
         <name>__TI_int58</name>
         <value>0xfff4</value>
         <object_component_ref idref="oc-8a"/>
      </symbol>
      <symbol id="sm-7e3">
         <name>__TI_int59</name>
         <value>0xfff6</value>
         <object_component_ref idref="oc-8b"/>
      </symbol>
      <symbol id="sm-7e6">
         <name>__TI_int60</name>
         <value>0xfff8</value>
         <object_component_ref idref="oc-8c"/>
      </symbol>
      <symbol id="sm-7e9">
         <name>__TI_int61</name>
         <value>0xfffa</value>
         <object_component_ref idref="oc-8d"/>
      </symbol>
      <symbol id="sm-7ec">
         <name>__TI_int62</name>
         <value>0xfffc</value>
         <object_component_ref idref="oc-8e"/>
      </symbol>
      <symbol id="sm-7f4">
         <name>__TI_ISR_TRAP</name>
         <value>0x4442</value>
         <object_component_ref idref="oc-399"/>
      </symbol>
      <symbol id="sm-7fd">
         <name>__mspabi_slli</name>
         <value>0x11f64</value>
         <object_component_ref idref="oc-456"/>
      </symbol>
      <symbol id="sm-805">
         <name>__mspabi_srll_8</name>
         <value>0x11ae4</value>
         <object_component_ref idref="oc-64d"/>
      </symbol>
      <symbol id="sm-806">
         <name>__mspabi_srll_9</name>
         <value>0x11ae0</value>
         <object_component_ref idref="oc-64d"/>
      </symbol>
      <symbol id="sm-807">
         <name>__mspabi_srll_6</name>
         <value>0x11aec</value>
         <object_component_ref idref="oc-64d"/>
      </symbol>
      <symbol id="sm-808">
         <name>__mspabi_srll_7</name>
         <value>0x11ae8</value>
         <object_component_ref idref="oc-64d"/>
      </symbol>
      <symbol id="sm-809">
         <name>__mspabi_srll_4</name>
         <value>0x11af4</value>
         <object_component_ref idref="oc-64d"/>
      </symbol>
      <symbol id="sm-80a">
         <name>__mspabi_srll_5</name>
         <value>0x11af0</value>
         <object_component_ref idref="oc-64d"/>
      </symbol>
      <symbol id="sm-80b">
         <name>__mspabi_srll_2</name>
         <value>0x11afc</value>
         <object_component_ref idref="oc-64d"/>
      </symbol>
      <symbol id="sm-80c">
         <name>__mspabi_srll_3</name>
         <value>0x11af8</value>
         <object_component_ref idref="oc-64d"/>
      </symbol>
      <symbol id="sm-80d">
         <name>__mspabi_srll_1</name>
         <value>0x11b00</value>
         <object_component_ref idref="oc-64d"/>
      </symbol>
      <symbol id="sm-80e">
         <name>__mspabi_srll_15</name>
         <value>0x11ac8</value>
         <object_component_ref idref="oc-64d"/>
      </symbol>
      <symbol id="sm-80f">
         <name>__mspabi_srll_14</name>
         <value>0x11acc</value>
         <object_component_ref idref="oc-64d"/>
      </symbol>
      <symbol id="sm-810">
         <name>__mspabi_srll_13</name>
         <value>0x11ad0</value>
         <object_component_ref idref="oc-64d"/>
      </symbol>
      <symbol id="sm-811">
         <name>__mspabi_srll_12</name>
         <value>0x11ad4</value>
         <object_component_ref idref="oc-64d"/>
      </symbol>
      <symbol id="sm-812">
         <name>__mspabi_srll_11</name>
         <value>0x11ad8</value>
         <object_component_ref idref="oc-64d"/>
      </symbol>
      <symbol id="sm-813">
         <name>__mspabi_srll_10</name>
         <value>0x11adc</value>
         <object_component_ref idref="oc-64d"/>
      </symbol>
      <symbol id="sm-81c">
         <name>__mspabi_mpyi_f5hw</name>
         <value>0x11e00</value>
         <object_component_ref idref="oc-442"/>
      </symbol>
      <symbol id="sm-831">
         <name>_stack</name>
         <value>0x4360</value>
         <object_component_ref idref="oc-37d"/>
      </symbol>
      <symbol id="sm-832">
         <name>_c_int00_noargs</name>
         <value>0x4400</value>
         <object_component_ref idref="oc-3bc"/>
      </symbol>
      <symbol id="sm-833">
         <name>_reset_vector</name>
         <value>0xfffe</value>
         <object_component_ref idref="oc-380"/>
      </symbol>
      <symbol id="sm-856">
         <name>__TI_auto_init_nobinit_nopinit_hold_wdt</name>
         <value>0x1176e</value>
         <object_component_ref idref="oc-4ff"/>
      </symbol>
      <symbol id="sm-869">
         <name>__TI_zero_init</name>
         <value>0x11c7a</value>
         <object_component_ref idref="oc-3b0"/>
      </symbol>
      <symbol id="sm-874">
         <name>_system_pre_init</name>
         <value>0x11f8a</value>
         <object_component_ref idref="oc-417"/>
      </symbol>
      <symbol id="sm-87d">
         <name>_system_post_cinit</name>
         <value>0x11f8e</value>
         <object_component_ref idref="oc-5fd"/>
      </symbol>
      <symbol id="sm-88e">
         <name>__TI_decompress_none</name>
         <value>0x11f1c</value>
         <object_component_ref idref="oc-73"/>
      </symbol>
      <symbol id="sm-8b1">
         <name>__TI_decompress_lzss</name>
         <value>0x113fe</value>
         <object_component_ref idref="oc-6d"/>
      </symbol>
      <symbol id="sm-8c4">
         <name>__mspabi_cvtdf</name>
         <value>0x111f8</value>
         <object_component_ref idref="oc-6ad"/>
      </symbol>
      <symbol id="sm-8ce">
         <name>C$$EXIT</name>
         <value>0x11f80</value>
         <object_component_ref idref="oc-4db"/>
      </symbol>
      <symbol id="sm-8cf">
         <name>abort</name>
         <value>0x11f80</value>
         <object_component_ref idref="oc-4db"/>
      </symbol>
      <symbol id="sm-8df">
         <name>memcpy</name>
         <value>0x11f08</value>
         <object_component_ref idref="oc-38c"/>
      </symbol>
      <symbol id="sm-8ed">
         <name>strcasecmp</name>
         <value>0x11b06</value>
         <object_component_ref idref="oc-729"/>
      </symbol>
      <symbol id="sm-8fb">
         <name>tolower</name>
         <value>0x11f2e</value>
         <object_component_ref idref="oc-788"/>
      </symbol>
      <symbol id="sm-903">
         <name>__mspabi_slll_9</name>
         <value>0x11aa2</value>
         <object_component_ref idref="oc-74c"/>
      </symbol>
      <symbol id="sm-904">
         <name>__mspabi_slll_8</name>
         <value>0x11aa6</value>
         <object_component_ref idref="oc-74c"/>
      </symbol>
      <symbol id="sm-905">
         <name>__mspabi_slll_7</name>
         <value>0x11aaa</value>
         <object_component_ref idref="oc-74c"/>
      </symbol>
      <symbol id="sm-906">
         <name>__mspabi_slll_6</name>
         <value>0x11aae</value>
         <object_component_ref idref="oc-74c"/>
      </symbol>
      <symbol id="sm-907">
         <name>__mspabi_slll_5</name>
         <value>0x11ab2</value>
         <object_component_ref idref="oc-74c"/>
      </symbol>
      <symbol id="sm-908">
         <name>__mspabi_slll_4</name>
         <value>0x11ab6</value>
         <object_component_ref idref="oc-74c"/>
      </symbol>
      <symbol id="sm-909">
         <name>__mspabi_slll_3</name>
         <value>0x11aba</value>
         <object_component_ref idref="oc-74c"/>
      </symbol>
      <symbol id="sm-90a">
         <name>__mspabi_slll_2</name>
         <value>0x11abe</value>
         <object_component_ref idref="oc-74c"/>
      </symbol>
      <symbol id="sm-90b">
         <name>__mspabi_slll_1</name>
         <value>0x11ac2</value>
         <object_component_ref idref="oc-74c"/>
      </symbol>
      <symbol id="sm-90c">
         <name>__mspabi_slll_15</name>
         <value>0x11a8a</value>
         <object_component_ref idref="oc-74c"/>
      </symbol>
      <symbol id="sm-90d">
         <name>__mspabi_slll_14</name>
         <value>0x11a8e</value>
         <object_component_ref idref="oc-74c"/>
      </symbol>
      <symbol id="sm-90e">
         <name>__mspabi_slll_13</name>
         <value>0x11a92</value>
         <object_component_ref idref="oc-74c"/>
      </symbol>
      <symbol id="sm-90f">
         <name>__mspabi_slll_12</name>
         <value>0x11a96</value>
         <object_component_ref idref="oc-74c"/>
      </symbol>
      <symbol id="sm-910">
         <name>__mspabi_slll_11</name>
         <value>0x11a9a</value>
         <object_component_ref idref="oc-74c"/>
      </symbol>
      <symbol id="sm-911">
         <name>__mspabi_slll_10</name>
         <value>0x11a9e</value>
         <object_component_ref idref="oc-74c"/>
      </symbol>
      <symbol id="sm-91d">
         <name>_ctypes_</name>
         <value>0x444a</value>
         <object_component_ref idref="oc-7a0"/>
      </symbol>
      <symbol id="sm-91f">
         <name>UART_ReconfigureBaud</name>
         <value>0x10254</value>
      </symbol>
   </symbol_table>
   <title>Link successful</title>
</link_info>
